---
source: src/ui/snapshot_tests.rs
expression: render_to_string(&app)
---
 Demo (2 lists)
┌ To Do (2) ─────────────────────────────────────┐┌ Done (1) ──────────────────────────────────────┐
│┏━━━━━━━━━━━━━━━━━━━━━━━━━━━━━━━━━━━━━━━━━━━━━━┓││┌──────────────────────────────────────────────┐│
│┃Fix logi┌ Fix login flow ──────────────────────────────────────────────────────────────┐        ││
│┃[bug]   │                                                                              │────────┘│
│┃[1/3] ≡ │Description                                                                   │         │
│┗━━━━━━━━│  line 3                                                                     █│         │
│┌────────│  line 4                                                                      │         │
││Redesign│  line 5                                                                      │         │
│└────────│                                                                              │         │
│         │══════════════════════════════════════════════════════════════════════════════│         │
│         │                                                                              │         │
│         │Checklist [1/3]                                                               │         │
│         │» [✓] Reproduce                                                               │         │
│         │  [ ] Write failing test                                                      │         │
│         │  [ ] Fix                                                                     │         │
│         │                                                                              │         │
│         │──────────────────────────────────────────────────────────────────────────────│         │
│         │                                                                              │         │
│         │Labels                                                                        │         │
│         │  ● bug                                                                       │         │
│         │                                                                              │         │
│         │──────────────────────────────────────────────────────────────────────────────│         │
│         │                                                                              │         │
│         │Due Date                                                                      │         │
│         │  (no due date)                                                               │         │
│         └──────────────────────────────────────────────────────────────────────────────┘         │
│                                                ││                                                │
└────────────────────────────────────────────────┘└────────────────────────────────────────────────┘
 DETAIL  ?:help                                                                              ~/.tct
