---
source: src/ui/snapshot_tests.rs
expression: render_to_string(&app)
---
 Demo (2 lists)
┌ To Do (2) ─────────────────────────────────────┐┌ Done (1) ──────────────────────────────────────┐
│┏━━━┌ Help — Board View ─────────────────────────────────────────────────────────────────────┐───┐│
│┃Fix│Navigation                                   Lists                                      │   ││
│┃[bu│  Left / Right    Switch lists                 N               New list                 │───┘│
│┃[1/│  Up / Down       Navigate cards               r               Rename list              │    │
│┗━━━│  g / G           First / last card            A               Archive list             │    │
│┌───│  j/k or ,/.      Prev / next board            V               View archived lists      │    │
││Red│  Enter           Open card detail             < / >           Reorder list             │    │
│└───│                                                                                        │    │
│    │Card                                         Search & Filter                            │    │
│    │  t               Quick-edit title             /               Search                   │    │
│    │  e               Edit description             f               Filter by label          │    │
│    │  y               Copy title                   F               Clear filters            │    │
│    │  n               New card                                                              │    │
│    │  a               Archive card               Labels & Due                               │    │
│    │  v               View archived cards          l               Assign / remove labels   │    │
│    │  h               View change history          L               Manage labels            │    │
│    │                                               u               Set due date             │    │
│    │Move                                           U               Clear due date           │    │
│    │  Shift+Left/RightMove to adjacent list                                                 │    │
│    │  Shift+Up/Down   Move within list           App                                        │    │
│    │                                               b               Back to selector         │    │
│    │                                               ?               Help                     │    │
│    │                                               q               Quit                     │    │
│    │                                                                                        │    │
│    │                                                                                        │    │
│    └ Esc:close ────────────────────────────────────────────────────────────────────── vTEST ┘    │
└────────────────────────────────────────────────┘└────────────────────────────────────────────────┘
 HELP                                                                                        ~/.tct
