---
source: src/ui/snapshot_tests.rs
expression: render_to_string(&app)
---
 Demo (2 lists)
┌ To Do (2) ─────────────────────────────────────┐┌ Done (1) ──────────────────────────────────────┐
│┏━━━━━━━━━━━━━━━━━━━━━━━━━━━━━━━━━━━━━━━━━━━━━━┓││┌──────────────────────────────────────────────┐│
│┃Fix logi┌ Fix login flow ──────────────────────────────────────────────────────────────┐        ││
│┃[bug][fr│                                                                              │────────┘│
│┃[needs-r│ Description                                                                  │         │
│┃[documen│  Token expires too early.                                                    │         │
│┃[1/3] ≡ │                                                                              │         │
│┗━━━━━━━━│  - check refresh                                                             │         │
│┌────────│  - add test                                                                  │         │
││Redesign│                                                                              │         │
│└────────│══════════════════════════════════════════════════════════════════════════════│         │
│         │                                                                              │         │
│         │ Checklist [1/3]                                                              │         │
│         │ » [✓] Reproduce                                                              │         │
│         │   [ ] Write failing test                                                     │         │
│         │   [ ] Fix                                                                    │         │
│         │                                                                              │         │
│         │──────────────────────────────────────────────────────────────────────────────│         │
│         │                                                                              │         │
│         │ Labels                                                                       │         │
│         │ [bug][frontend][backend][urgent][blocked][needs-review][good first issue]    │         │
│         │ [documentation][performance]                                                 │         │
│         │                                                                              │         │
│         │                                                                              │         │
│         │                                                                              │         │
│         └──────────────────────────────────────────────────────────────────────────────┘         │
│                                                ││                                                │
└────────────────────────────────────────────────┘└────────────────────────────────────────────────┘
 DETAIL  ?:help                                                                              ~/.tct
